
> core-inventory@0.1.0 build
> next build

Γû▓ Next.js 16.1.6 (Turbopack)
- Environments: .env

  Creating an optimized production build ...
Γ£ô Compiled successfully in 27.7s
  Running TypeScript ...
  Collecting page data using 15 workers ...
  Generating static pages using 15 workers (0/29) ...
  Generating static pages using 15 workers (7/29) 
  Generating static pages using 15 workers (14/29) 
node.exe : Error 
occurred prerendering 
page "/_not-found". 
Read more: https://next
js.org/docs/messages/pr
erender-error
At line:1 char:1
+ & "C:\Program 
Files\nodejs/node.exe" 
"C:\Program 
Files\nodejs/node_mo 
...
+ ~~~~~~~~~~~~~~~~~~~~~
~~~~~~~~~~~~~~~~~~~~~~~
~~~~~~~~~~~~~~~~~~~~~~~
~~
    + CategoryInfo     
         : NotSpecifi  
  ed: (Error occurre   
 d ...prerender-err    
or:String) [], Rem    
oteException
    + FullyQualifiedEr 
   rorId : NativeComm  
  andError
 
Error: Attempted to 
call buttonVariants() 
from the server but 
buttonVariants is on 
the client. It's not 
possible to invoke a 
client function from 
the server, it can 
only be rendered as a 
Component or passed to 
props of a Client 
Component.
    at <unknown> (C:\Us
ers\nirmi\OneDrive\Docu
ments\Oodo X Indus 26\s
pectre_restructure\.nex
t\server\chunks\ssr\_d1
86e916._.js:1:2859)
    at ap (C:\Users\nir
mi\OneDrive\Documents\O
odo X Indus 26\spectre_
restructure\.next\serve
r\chunks\ssr\_d186e916.
_.js:1:30688)
    at stringify 
(<anonymous>) {
  digest: '1189703366'
}
Export encountered an 
error on 
/_not-found/page: 
/_not-found, exiting 
the build.
Γ¿» Next.js build 
worker exited with 
code: 1 and signal: 
null
